table netdev nftlb {
	set aa_black1 {
		type ipv4_addr
		flags interval
		auto-merge
	}

	set aa_black2 {
		type ipv4_addr
		flags interval
		auto-merge
	}

	set aa_white1 {
		type ipv4_addr
		flags interval
		auto-merge
	}

	set aa_white2 {
		type ipv4_addr
		flags interval
		auto-merge
	}
}
