{
        "farms": [
                {
                        "name": "myfarm",
                        "family": "ipv4",
                        "virtual-addr": "200.2.2.2",
                        "virtual-ports": "888",
                        "source-addr": "",
                        "mode": "snat",
                        "protocol": "udp",
                        "scheduler": "rr",
                        "sched-param": "none",
                        "persistence": "none",
                        "persist-ttl": "60",
                        "helper": "none",
                        "log": "none",
                        "mark": "0x0",
                        "priority": "1",
                        "state": "up",
                        "limits-ttl": "120",
                        "new-rtlimit": "0",
                        "new-rtlimit-burst": "0",
                        "rst-rtlimit": "0",
                        "rst-rtlimit-burst": "0",
                        "est-connlimit": "0",
                        "tcp-strict": "off",
                        "queue": "-1",
                        "addresses": [
                                {
                                        "name": "myaddr3",
                                        "family": "ipv4",
                                        "ip-addr": "200.2.2.2",
                                        "ports": "888",
                                        "protocol": "udp",
                                        "used": "1"
                                }
                        ],
                        "backends": [],
                        "policies": []
                }
        ]
}