{
        "farms": [
                {
                        "name": "lb02",
                        "family": "ipv4",
                        "virtual-addr": "192.168.0.100",
                        "virtual-ports": "80-88",
                        "source-addr": "",
                        "mode": "dsr",
                        "protocol": "tcp",
                        "scheduler": "hash",
                        "sched-param": "srcip ",
                        "persistence": "none",
                        "persist-ttl": "60",
                        "helper": "none",
                        "log": "none",
                        "log-rtlimit": "0/second",
                        "mark": "0x0",
                        "priority": "1",
                        "state": "up",
                        "limits-ttl": "120",
                        "new-rtlimit": "0/second",
                        "new-rtlimit-burst": "0",
                        "rst-rtlimit": "0/second",
                        "rst-rtlimit-burst": "0",
                        "est-connlimit": "0",
                        "tcp-strict": "off",
                        "queue": "-1",
                        "verdict": "log drop accept",
                        "addresses": [
                                {
                                        "name": "lb02-addr",
                                        "family": "ipv4",
                                        "ip-addr": "192.168.0.100",
                                        "ports": "80-88",
                                        "protocol": "tcp",
                                        "used": "1"
                                }
                        ],
                        "backends": [
                                {
                                        "name": "bck0",
                                        "ip-addr": "192.168.0.10",
                                        "port": "",
                                        "weight": "5",
                                        "priority": "1",
                                        "mark": "0x1",
                                        "est-connlimit": "0",
                                        "state": "up"
                                },
                                {
                                        "name": "bck1",
                                        "ip-addr": "192.168.0.11",
                                        "port": "",
                                        "weight": "5",
                                        "priority": "1",
                                        "mark": "0x2",
                                        "est-connlimit": "0",
                                        "state": "up"
                                }
                        ],
                        "policies": []
                }
        ]
}