table netdev nftlb {
	map proto-services-lo {
		type inet_proto . ipv4_addr . inet_service : verdict
		elements = { tcp . 127.0.0.1 . 80 : goto lb01 }
	}

	map static-sessions-lb01 {
		type ipv4_addr : ether_addr
	}

	map persist-lb01 {
		type ipv4_addr : ether_addr
		timeout 1m
	}

	chain ingress-lo {
		type filter hook ingress device "lo" priority 100; policy accept;
		ip protocol . ip daddr . th dport vmap @proto-services-lo
	}

	chain lb01 {
	}
}
