{
        "farms": [
                {
                        "name": "farml7",
                        "family": "ipv4",
                        "virtual-addr": "192.168.100.212",
                        "virtual-ports": "80",
                        "source-addr": "127.0.0.1",
                        "mode": "local",
                        "protocol": "tcp",
                        "scheduler": "rr",
                        "sched-param": "none",
                        "persistence": "none",
                        "persist-ttl": "60",
                        "helper": "none",
                        "log": "none",
                        "log-rtlimit": "0/second",
                        "mark": "0x0",
                        "priority": "1",
                        "state": "up",
                        "limits-ttl": "120",
                        "new-rtlimit": "0/second",
                        "new-rtlimit-burst": "0",
                        "rst-rtlimit": "0/second",
                        "rst-rtlimit-burst": "0",
                        "est-connlimit": "0",
                        "tcp-strict": "off",
                        "queue": "-1",
                        "verdict": "log drop accept",
                        "addresses": [
                                {
                                        "name": "farml7-addr",
                                        "family": "ipv4",
                                        "ip-addr": "192.168.100.212",
                                        "ports": "80",
                                        "protocol": "tcp",
                                        "used": "1"
                                }
                        ],
                        "backends": [
                                {
                                        "name": "bck0",
                                        "ip-addr": "192.168.101.253",
                                        "port": "80",
                                        "source-addr": "192.168.100.212",
                                        "weight": "1",
                                        "priority": "1",
                                        "mark": "0x203",
                                        "est-connlimit": "0",
                                        "state": "up"
                                },
                                {
                                        "name": "bck512",
                                        "ip-addr": "192.168.100.254",
                                        "port": "",
                                        "weight": "1",
                                        "priority": "1",
                                        "mark": "0x512",
                                        "est-connlimit": "0",
                                        "state": "up"
                                },
                                {
                                        "name": "bck513",
                                        "ip-addr": "192.168.100.252",
                                        "port": "",
                                        "weight": "1",
                                        "priority": "1",
                                        "mark": "0x513",
                                        "est-connlimit": "0",
                                        "state": "up"
                                }
                        ],
                        "policies": []
                }
        ]
}