table ip nftlb {
	map nat-proto-services {
		type inet_proto . ipv4_addr . inet_service : verdict
		elements = { tcp . 127.0.0.1 . 80 : goto nat-farml7 }
	}

	map proto-services-back-m {
		type mark : ipv4_addr
		elements = { 0x00000203 : 192.168.100.212 }
	}

	map filter-proto-services {
		type inet_proto . ipv4_addr . inet_service : verdict
		elements = { tcp . 127.0.0.1 . 80 : goto filter-farml7 }
	}

	set new-rtlimit-farm17 {
		type ipv4_addr
		size 65535
		flags dynamic,timeout
		timeout 2m
	}

	chain prerouting {
		type nat hook prerouting priority dstnat; policy accept;
		ip protocol . ip daddr . th dport vmap @nat-proto-services
	}

	chain postrouting {
		type nat hook postrouting priority srcnat; policy accept;
		ct mark 0x00000000 ct mark set meta mark
		ct mark 0x80000000/1 masquerade
		snat to ct mark map @proto-services-back-m
	}

	chain filter {
		type filter hook prerouting priority mangle; policy accept;
		meta mark set ct mark
		ip protocol . ip daddr . th dport vmap @filter-proto-services
	}

	chain filter-farm17 {
		ct state new add @new-rtlimit-farm17 { ip saddr limit rate over 10/second } log prefix "new-rtlimit-farm17 " drop
	}

	chain filter-farml7 {
		ct state new ct mark 0x00000000 ct mark set 0x80000000
	}

	chain nat-farml7 {
	}
}
table netdev nftlb {
	set black001 {
		type ipv4_addr
		flags interval
		counter
		auto-merge
		elements = { 35.195.60.76 counter packets 0 bytes 0, 35.195.60.77 counter packets 0 bytes 0,
			     35.195.60.78 counter packets 0 bytes 0, 127.0.0.1 counter packets 2 bytes 120 }
	}

	map proto-services-lo {
		type inet_proto . ipv4_addr . inet_service : verdict
		elements = { tcp . 127.0.0.1 . 80 : goto farml7 }
	}

	chain ingress-lo {
		type filter hook ingress device "lo" priority 101; policy accept;
		ip protocol . ip daddr . th dport vmap @proto-services-lo
	}

	chain farml7 {
		ip saddr @black001 log prefix "policy-BL-black001-farml7 " drop
	}
}
