table ip nftlb {
	map nat-proto-services {
		type inet_proto . ipv4_addr . inet_service : verdict
	}

	map proto-services-back-m {
		type mark : ipv4_addr
		elements = { 0x00000203 : 192.168.100.212 }
	}

	map filter-proto-services {
		type inet_proto . ipv4_addr . inet_service : verdict
	}

	set new-rtlimit-farm17 {
		type ipv4_addr
		size 65535
		flags dynamic,timeout
		timeout 2m
	}

	chain prerouting {
		type nat hook prerouting priority dstnat; policy accept;
		ip protocol . ip daddr . th dport vmap @nat-proto-services
	}

	chain postrouting {
		type nat hook postrouting priority srcnat; policy accept;
		ct mark 0x00000000 ct mark set meta mark
		ct mark 0x80000000/1 masquerade
		snat to ct mark map @proto-services-back-m
	}

	chain filter {
		type filter hook prerouting priority mangle; policy accept;
		meta mark set ct mark
		ip protocol . ip daddr . th dport vmap @filter-proto-services
	}

	chain filter-farm17 {
		ct state new add @new-rtlimit-farm17 { ip saddr limit rate over 10/second } log prefix "new-rtlimit-farm17 " drop
	}
}
table netdev nftlb {
	set black001 {
		type ipv4_addr
		flags interval
		counter
		auto-merge
		elements = { 35.195.60.76 counter packets 0 bytes 0 }
	}
}
