{"response": "success. Farm 'lb01' doesn't validate proto helper"}