{"response": "error stopping address. Unknown address 'myaddr3'"}