{
        "farms": [
                {
                        "name": "lb04",
                        "family": "ipv4",
                        "virtual-addr": "10.72.33.44",
                        "virtual-ports": "80-99",
                        "source-addr": "",
                        "mode": "snat",
                        "protocol": "tcp",
                        "scheduler": "hash",
                        "sched-param": "srcip ",
                        "persistence": "srcip ",
                        "persist-ttl": "60",
                        "helper": "none",
                        "log": "none",
                        "mark": "0x0",
                        "priority": "1",
                        "state": "up",
                        "limits-ttl": "120",
                        "new-rtlimit": "0",
                        "new-rtlimit-burst": "0",
                        "rst-rtlimit": "0",
                        "rst-rtlimit-burst": "0",
                        "est-connlimit": "0",
                        "tcp-strict": "off",
                        "queue": "-1",
                        "verdict": "log drop accept",
                        "addresses": [
                                {
                                        "name": "lb04-addr",
                                        "family": "ipv4",
                                        "ip-addr": "10.72.33.44",
                                        "ports": "80-99",
                                        "protocol": "tcp",
                                        "used": "1"
                                }
                        ],
                        "backends": [
                                {
                                        "name": "bck0",
                                        "ip-addr": "192.168.0.10",
                                        "port": "",
                                        "weight": "5",
                                        "priority": "1",
                                        "mark": "0x200",
                                        "est-connlimit": "0",
                                        "state": "up"
                                },
                                {
                                        "name": "bck1",
                                        "ip-addr": "192.168.0.11",
                                        "port": "",
                                        "weight": "5",
                                        "priority": "1",
                                        "mark": "0x201",
                                        "est-connlimit": "0",
                                        "state": "up"
                                }
                        ],
                        "policies": []
                },
                {
                        "name": "lb50",
                        "family": "ipv4",
                        "virtual-addr": "10.72.33.55",
                        "virtual-ports": "",
                        "source-addr": "",
                        "mode": "dnat",
                        "protocol": "tcp",
                        "scheduler": "hash",
                        "sched-param": "srcip ",
                        "persistence": "srcip ",
                        "persist-ttl": "60",
                        "helper": "none",
                        "log": "none",
                        "mark": "0x0",
                        "priority": "1",
                        "state": "up",
                        "limits-ttl": "120",
                        "new-rtlimit": "0",
                        "new-rtlimit-burst": "0",
                        "rst-rtlimit": "0",
                        "rst-rtlimit-burst": "0",
                        "est-connlimit": "0",
                        "tcp-strict": "off",
                        "queue": "-1",
                        "verdict": "log drop accept",
                        "addresses": [
                                {
                                        "name": "lb50-addr",
                                        "family": "ipv4",
                                        "ip-addr": "10.72.33.55",
                                        "ports": "",
                                        "protocol": "tcp",
                                        "used": "1"
                                }
                        ],
                        "backends": [
                                {
                                        "name": "bck0",
                                        "ip-addr": "192.168.0.10",
                                        "port": "",
                                        "weight": "5",
                                        "priority": "1",
                                        "mark": "0x202",
                                        "est-connlimit": "0",
                                        "state": "up"
                                },
                                {
                                        "name": "bck1",
                                        "ip-addr": "192.168.0.11",
                                        "port": "",
                                        "weight": "5",
                                        "priority": "1",
                                        "mark": "0x203",
                                        "est-connlimit": "0",
                                        "state": "up"
                                }
                        ],
                        "policies": []
                }
        ]
}