{"response": "success. Parsing unknown value 'available' in 'state', using default 'up'. Parsing unknown value 'available' in 'state', using default 'up'. Parsing unknown value 'available' in 'state', using default 'up'"}