{
        "farms": [
                {
                        "name": "lb01",
                        "family": "ipv4",
                        "virtual-addr": "192.168.0.100",
                        "virtual-ports": "80",
                        "source-addr": "",
                        "mode": "snat",
                        "protocol": "tcp",
                        "scheduler": "weight",
                        "sched-param": "none",
                        "persistence": "srcip srcport ",
                        "persist-ttl": "50",
                        "helper": "none",
                        "log": "none",
                        "log-rtlimit": "0/second",
                        "mark": "0x0",
                        "priority": "1",
                        "state": "up",
                        "limits-ttl": "120",
                        "new-rtlimit": "0/second",
                        "new-rtlimit-burst": "0",
                        "rst-rtlimit": "0/second",
                        "rst-rtlimit-burst": "0",
                        "est-connlimit": "0",
                        "tcp-strict": "off",
                        "queue": "-1",
                        "verdict": "log drop accept",
                        "addresses": [
                                {
                                        "name": "lb01-addr",
                                        "family": "ipv4",
                                        "ip-addr": "192.168.0.100",
                                        "ports": "80",
                                        "protocol": "tcp",
                                        "used": "1"
                                }
                        ],
                        "backends": [
                                {
                                        "name": "bck0",
                                        "ip-addr": "192.168.0.10",
                                        "port": "10",
                                        "weight": "5",
                                        "priority": "1",
                                        "mark": "0x1",
                                        "est-connlimit": "0",
                                        "state": "up"
                                },
                                {
                                        "name": "bck1",
                                        "ip-addr": "192.168.0.11",
                                        "port": "20",
                                        "weight": "5",
                                        "priority": "1",
                                        "mark": "0x2",
                                        "est-connlimit": "0",
                                        "state": "up"
                                }
                        ],
                        "policies": [],
                        "sessions": [
                                {
                                        "client": "192.168.44.5 . 91",
                                        "backend": "bck1"
                                },
                                {
                                        "client": "192.168.44.6 . 92",
                                        "backend": "bck1"
                                },
                                {
                                        "client": "192.168.44.7 . 91",
                                        "backend": "bck0"
                                }
                        ]
                }
        ]
}