{"response": "success. Farm 'lb01' doesn't validate helper protocol"}