{
        "policies": [
                {
                        "name": "mylist",
                        "family": "ipv4",
                        "type": "blacklist",
                        "route": "in",
                        "timeout": "0",
                        "priority": "1",
                        "log-rtlimit": "0",
                        "used": "0",
                        "elements": [
                                {
                                        "data": "44.195.60.79"
                                },
                                {
                                        "data": "55.195.60.80"
                                },
                                {
                                        "data": "65.195.60.81"
                                },
                                {
                                        "data": "75.195.60.82"
                                },
                                {
                                        "data": "85.195.60.83"
                                },
                                {
                                        "data": "95.195.60.84"
                                },
                                {
                                        "data": "120.195.60.78"
                                },
                                {
                                        "data": "135.195.60.76"
                                },
                                {
                                        "data": "235.195.60.77"
                                }
                        ]
                }
        ]
}