table ip nftlb {
	map filter-proto-services {
		type inet_proto . ipv4_addr . inet_service : verdict
		elements = { tcp . 10.248.18.52 . 443 : goto filter-dragonspeech-poc }
	}

	map static-sessions-dragonspeech-poc {
		type ipv4_addr : mark
	}

	map persist-dragonspeech-poc {
		type ipv4_addr : mark
		size 65535
		timeout 1m
	}

	map nat-proto-services {
		type inet_proto . ipv4_addr . inet_service : verdict
		elements = { tcp . 10.248.18.52 . 443 : goto nat-dragonspeech-poc }
	}

	map services-back-m {
		type mark : ipv4_addr
		elements = { 0x00000202 : 10.248.18.152, 0x00000203 : 10.248.18.152, 0x00000205 : 10.248.18.152, 0x00000206 : 10.248.18.152 }
	}

	map forward-proto-services {
		type mark : verdict
		elements = { 0x00000202 : goto forward-dragonspeech-poc, 0x00000203 : goto forward-dragonspeech-poc }
	}

	map filter-services {
		type inet_proto . ipv4_addr : verdict
		elements = { tcp . 10.248.18.59 : goto filter-tsthcmapp,
			     udp . 10.248.18.59 : goto filter-tsthcmapp,
			     sctp . 10.248.18.59 : goto filter-tsthcmapp }
	}

	map static-sessions-tsthcmapp {
		type ipv4_addr : mark
	}

	map persist-tsthcmapp {
		type ipv4_addr : mark
		size 65535
		timeout 1m
	}

	map nat-services {
		type inet_proto . ipv4_addr : verdict
		elements = { tcp . 10.248.18.59 : goto nat-tsthcmapp,
			     udp . 10.248.18.59 : goto nat-tsthcmapp,
			     sctp . 10.248.18.59 : goto nat-tsthcmapp }
	}

	map forward-services {
		type mark : verdict
		elements = { 0x00000205 : goto forward-tsthcmapp, 0x00000206 : goto forward-tsthcmapp }
	}

	chain filter {
		type filter hook prerouting priority mangle; policy accept;
		meta mark set ct mark
		ip protocol . ip daddr . th dport vmap @filter-proto-services
		ip protocol . ip daddr vmap @filter-services
	}

	chain filter-dragonspeech-poc {
		ct mark set ip saddr map @static-sessions-dragonspeech-poc accept
		ct state new ct mark set ip saddr map @persist-dragonspeech-poc
		ct state new ct mark 0x00000000 ct mark set numgen random mod 2 map { 0 : 0x00000202, 1 : 0x00000203 }
		ct mark != 0x00000000 update @persist-dragonspeech-poc { ip saddr : ct mark }
	}

	chain prerouting {
		type nat hook prerouting priority dstnat; policy accept;
		ip protocol . ip daddr . th dport vmap @nat-proto-services
		ip protocol . ip daddr vmap @nat-services
	}

	chain postrouting {
		type nat hook postrouting priority srcnat; policy accept;
		ct mark 0x00000000 ct mark set meta mark
		ct mark 0x80000000/1 masquerade
		snat to ct mark map @services-back-m
	}

	chain nat-dragonspeech-poc {
		ip protocol tcp dnat ip to ct mark map { 0x00000202 : 10.222.1.52 . 443, 0x00000203 : 10.222.1.53 . 443 }
	}

	chain forward {
		type filter hook forward priority -100; policy accept;
		ct mark vmap @forward-proto-services
		ct mark vmap @forward-services
	}

	chain forward-dragonspeech-poc {
		log prefix "l4:dragonspeech-poc "
	}

	chain filter-tsthcmapp {
		ct mark set ip saddr map @static-sessions-tsthcmapp accept
		ct state new ct mark set ip saddr map @persist-tsthcmapp
		ct state new ct mark 0x00000000 ct mark set numgen random mod 11 map { 0 : 0x00000205, 1-10 : 0x00000206 }
		ct mark != 0x00000000 update @persist-tsthcmapp { ip saddr : ct mark }
	}

	chain nat-tsthcmapp {
		ip protocol tcp dnat to ct mark map { 0x00000205 : 10.222.1.75, 0x00000206 : 10.222.1.76 }
	}

	chain forward-tsthcmapp {
		log prefix "l4:tsthcmapp "
	}
}
