{
        "policies": [
                {
                        "name": "blacklist1",
                        "family": "ipv4",
                        "type": "whitelist",
                        "route": "in",
                        "timeout": "0",
                        "used": "0",
                        "elements": []
                }
        ]
}