{
        "farms": [
                {
                        "name": "newfarm",
                        "family": "ipv4",
                        "virtual-addr": "127.0.0.1",
                        "virtual-ports": "80",
                        "source-addr": "",
                        "mode": "snat",
                        "protocol": "tcp",
                        "scheduler": "weight",
                        "sched-param": "none",
                        "persistence": "srcip ",
                        "persist-ttl": "60",
                        "helper": "none",
                        "log": "none",
                        "log-rtlimit": "0",
                        "mark": "0x0",
                        "priority": "1",
                        "state": "up",
                        "limits-ttl": "120",
                        "new-rtlimit": "0",
                        "new-rtlimit-burst": "0",
                        "rst-rtlimit": "0",
                        "rst-rtlimit-burst": "0",
                        "est-connlimit": "0",
                        "tcp-strict": "off",
                        "queue": "-1",
                        "verdict": "log drop accept",
                        "addresses": [
                                {
                                        "name": "newfarm-addr",
                                        "family": "ipv4",
                                        "ip-addr": "127.0.0.1",
                                        "ports": "80",
                                        "protocol": "tcp",
                                        "used": "1"
                                }
                        ],
                        "backends": [],
                        "policies": []
                }
        ]
}