table netdev nftlb {
	set mylist {
		type ipv4_addr
		flags interval
		auto-merge
		elements = { 35.195.60.76 }
	}

	map proto-services-lo {
		type inet_proto . ipv4_addr . inet_service : verdict
		elements = { tcp . 127.0.0.1 . 8080 : goto lb01 }
	}

	chain ingress-lo {
		type filter hook ingress device "lo" priority 101; policy accept;
		ip protocol . ip daddr . th dport vmap @proto-services-lo
	}

	chain lb01 {
		ip saddr @mylist log prefix "policy-BL-mylist-lb01 "
	}
}
table ip nftlb {
	map filter-proto-services {
		type inet_proto . ipv4_addr . inet_service : verdict
		elements = { tcp . 127.0.0.1 . 8080 : goto filter-lb01 }
	}

	map nat-proto-services {
		type inet_proto . ipv4_addr . inet_service : verdict
		elements = { tcp . 127.0.0.1 . 8080 : goto nat-lb01 }
	}

	map proto-services-back-m {
		type mark : ipv4_addr
	}

	set new-rtlimit-lb01 {
		type ipv4_addr
		size 65535
		flags dynamic,timeout
		timeout 2m
	}

	chain filter {
		type filter hook prerouting priority mangle; policy accept;
		meta mark set ct mark
		ip protocol . ip daddr . th dport vmap @filter-proto-services
	}

	chain filter-lb01 {
		ct state new add @new-rtlimit-lb01 { ip saddr limit rate over 20/second } log prefix "new-rtlimit-lb01 "
		ct state new ct mark 0x00000000 ct mark set numgen random mod 10 map { 0-4 : 0x80000001, 5-9 : 0x80000002 }
	}

	chain prerouting {
		type nat hook prerouting priority dstnat; policy accept;
		ip protocol . ip daddr . th dport vmap @nat-proto-services
	}

	chain postrouting {
		type nat hook postrouting priority srcnat; policy accept;
		ct mark 0x00000000 ct mark set meta mark
		ct mark 0x80000000/1 masquerade
		snat to ct mark map @proto-services-back-m
	}

	chain nat-lb01 {
		dnat ip to ct mark map { 0x80000001 : 172.16.138.202 . 80, 0x80000002 : 172.16.138.203 . 80 }
	}
}
