{
        "policies": [
                {
                        "name": "blacklist1",
                        "family": "ipv4",
                        "type": "whitelist",
                        "route": "in",
                        "timeout": "0",
                        "priority": "1",
                        "log-prefix": "[WL,blacklist1,FNAME]",
                        "used": "1",
                        "elements": []
                },
                {
                        "name": "blacklist2",
                        "family": "ipv4",
                        "type": "whitelist",
                        "route": "in",
                        "timeout": "0",
                        "priority": "1",
                        "used": "0",
                        "elements": []
                }
        ]
}