{
        "farms": [
                {
                        "name": "lb01",
                        "family": "ipv4",
                        "virtual-addr": "127.0.0.1",
                        "virtual-ports": "80",
                        "source-addr": "",
                        "mode": "dsr",
                        "protocol": "tcp",
                        "scheduler": "hash",
                        "sched-param": "srcip ",
                        "persistence": "srcip ",
                        "persist-ttl": "60",
                        "helper": "none",
                        "log": "none",
                        "mark": "0x0",
                        "priority": "1",
                        "state": "up",
                        "new-rtlimit": "0",
                        "new-rtlimit-burst": "0",
                        "rst-rtlimit": "0",
                        "rst-rtlimit-burst": "0",
                        "est-connlimit": "0",
                        "tcp-strict": "off",
                        "queue": "-1",
                        "backends": [
                                {
                                        "name": "b1-64588d8b49-6r67p",
                                        "ip-addr": "172.17.0.4",
                                        "port": "80",
                                        "weight": "1",
                                        "priority": "1",
                                        "mark": "0x0",
                                        "est-connlimit": "0",
                                        "state": "up"
                                }
                        ],
                        "policies": []
                }
        ]
}