table netdev nftlb {
	map proto-services-lo {
		type inet_proto . ipv4_addr . inet_service : verdict
		elements = { tcp . 127.0.0.1 . 80 : goto lb01 }
	}

	chain ingress-lo {
		type filter hook ingress device "lo" priority 101; policy accept;
		ip protocol . ip daddr . th dport vmap @proto-services-lo
	}

	chain lb01 {
		ether saddr set 01:01:01:01:01:01 ether daddr set jhash ip saddr mod 1 map { 0 : 01:01:01:01:01:01 } fwd to "lo"
	}
}
