{
        "addresses": [
                {
                        "name": "myaddr",
                        "family": "ipv4",
                        "ip-addr": "200.1.1.1",
                        "ports": "8080",
                        "protocol": "tcp",
                        "verdict": "log drop accept",
                        "log-rtlimit": "0/second",
                        "used": "0",
                        "policies": []
                },
                {
                        "name": "myaddr2",
                        "family": "ipv4",
                        "ip-addr": "200.2.2.2",
                        "ports": "888",
                        "protocol": "udp",
                        "verdict": "log drop accept",
                        "log-rtlimit": "0/second",
                        "used": "0",
                        "policies": []
                }
        ]
}