table ip nftlb {
	map filter-proto-services {
		type inet_proto . ipv4_addr . inet_service : verdict
		elements = { tcp . 192.168.105.189 . 9443 : goto filter-newfarm,
			     tcp . 192.168.105.189 . 9444 : goto filter-newfarm }
	}

	map static-sessions-newfarm {
		type ipv4_addr : mark
	}

	map persist-newfarm {
		type ipv4_addr : mark
		size 65535
		timeout 2m
	}

	map nat-proto-services {
		type inet_proto . ipv4_addr . inet_service : verdict
		elements = { tcp . 192.168.105.189 . 9443 : goto nat-newfarm,
			     tcp . 192.168.105.189 . 9444 : goto nat-newfarm }
	}

	map services-back-m {
		type mark : ipv4_addr
		elements = { 0x00000200 : 192.168.104.22 }
	}

	chain filter {
		type filter hook prerouting priority mangle; policy accept;
		meta mark 0x00000000 meta mark set ct mark
		ip protocol . ip daddr . th dport vmap @filter-proto-services
	}

	chain filter-newfarm {
		ct mark set ip saddr map @static-sessions-newfarm accept
		ct state new ct mark set ip saddr map @persist-newfarm
		ct state new ct mark 0x00000000 ct mark set numgen random mod 1 map { 0 : 0x00000200 }
		ct mark != 0x00000000 update @persist-newfarm { ip saddr : ct mark }
	}

	chain prerouting {
		type nat hook prerouting priority dstnat; policy accept;
		ct state new meta mark 0x00000000 meta mark set ct mark
		ip protocol . ip daddr . th dport vmap @nat-proto-services
	}

	chain postrouting {
		type nat hook postrouting priority srcnat; policy accept;
		ct mark 0x00000000 ct mark set meta mark
		ct mark 0x80000000/1 masquerade
		snat to ct mark map @services-back-m
	}

	chain nat-newfarm {
		ip protocol tcp dnat ip to ct mark map { 0x00000200 : 192.168.104.254 . 80 }
	}
}
