table ip nftlb {
	map filter-proto-services {
		type inet_proto . ipv4_addr . inet_service : verdict
		elements = { tcp . 192.168.105.189 . 80 : goto filter-newfarm }
	}

	set new-rtlimit-newfarm {
		type ipv4_addr
		size 65535
		flags dynamic
	}

	set est-connlimit-newfarm {
		type ipv4_addr
		size 65535
		flags dynamic
	}

	map nat-proto-services {
		type inet_proto . ipv4_addr . inet_service : verdict
		elements = { tcp . 192.168.105.189 . 80 : goto nat-newfarm }
	}

	map proto-services-back-m {
		type mark : ipv4_addr
	}

	chain filter {
		type filter hook prerouting priority mangle; policy accept;
		meta mark set ct mark
		ip protocol . ip daddr . th dport vmap @filter-proto-services
	}

	chain filter-newfarm {
		ct state new add @new-rtlimit-newfarm { ip saddr limit rate over 22/second counter } log prefix "new-rtlimit-newfarm " drop
		ct state new add @est-connlimit-newfarm { ip saddr ct count over 20 counter } log prefix "est-connlimit-newfarm " drop
	}

	chain prerouting {
		type nat hook prerouting priority dstnat; policy accept;
		ip protocol . ip daddr . th dport vmap @nat-proto-services
	}

	chain postrouting {
		type nat hook postrouting priority srcnat; policy accept;
		ct mark 0x00000000 ct mark set meta mark
		ct mark 0x80000000/1 masquerade
		snat to ct mark map @proto-services-back-m
	}

	chain nat-newfarm {
	}
}
