{
        "farms": [
                {
                        "name": "NimbleBooksJboss1",
                        "family": "ipv4",
                        "virtual-addr": "10.0.4.241",
                        "virtual-ports": "8123",
                        "source-addr": "10.0.4.210",
                        "mode": "snat",
                        "protocol": "tcp",
                        "scheduler": "rr",
                        "sched-param": "none",
                        "persistence": "none",
                        "persist-ttl": "60",
                        "helper": "none",
                        "log": "none",
                        "log-rtlimit": "0/second",
                        "mark": "0x0",
                        "priority": "1",
                        "state": "up",
                        "limits-ttl": "120",
                        "new-rtlimit": "0/second",
                        "new-rtlimit-burst": "0",
                        "rst-rtlimit": "0/second",
                        "rst-rtlimit-burst": "0",
                        "est-connlimit": "0",
                        "tcp-strict": "off",
                        "queue": "-1",
                        "verdict": "log drop accept",
                        "addresses": [
                                {
                                        "name": "NimbleBooksJboss1-addr",
                                        "family": "ipv4",
                                        "ip-addr": "10.0.4.241",
                                        "ports": "8123",
                                        "protocol": "tcp",
                                        "used": "1"
                                }
                        ],
                        "backends": [
                                {
                                        "name": "bck0",
                                        "ip-addr": "10.0.4.51",
                                        "port": "8123",
                                        "weight": "1",
                                        "priority": "1",
                                        "mark": "0x20c",
                                        "est-connlimit": "0",
                                        "state": "up"
                                },
                                {
                                        "name": "bck1",
                                        "ip-addr": "10.0.0.203",
                                        "port": "8123",
                                        "weight": "1",
                                        "priority": "1",
                                        "mark": "0x20d",
                                        "est-connlimit": "0",
                                        "state": "up"
                                }
                        ],
                        "policies": []
                },
                {
                        "name": "NimbleBooksJboss2",
                        "family": "ipv4",
                        "virtual-addr": "10.0.4.242",
                        "virtual-ports": "8123",
                        "source-addr": "10.0.4.210",
                        "mode": "snat",
                        "protocol": "tcp",
                        "scheduler": "rr",
                        "sched-param": "none",
                        "persistence": "none",
                        "persist-ttl": "60",
                        "helper": "none",
                        "log": "none",
                        "log-rtlimit": "0/second",
                        "mark": "0x0",
                        "priority": "1",
                        "state": "up",
                        "limits-ttl": "120",
                        "new-rtlimit": "0/second",
                        "new-rtlimit-burst": "0",
                        "rst-rtlimit": "0/second",
                        "rst-rtlimit-burst": "0",
                        "est-connlimit": "0",
                        "tcp-strict": "off",
                        "queue": "-1",
                        "verdict": "log drop accept",
                        "addresses": [
                                {
                                        "name": "NimbleBooksJboss2-addr",
                                        "family": "ipv4",
                                        "ip-addr": "10.0.4.242",
                                        "ports": "8123",
                                        "protocol": "tcp",
                                        "used": "1"
                                }
                        ],
                        "backends": [
                                {
                                        "name": "bck0",
                                        "ip-addr": "10.0.0.57",
                                        "port": "8123",
                                        "weight": "1",
                                        "priority": "1",
                                        "mark": "0x20e",
                                        "est-connlimit": "0",
                                        "state": "up"
                                },
                                {
                                        "name": "bck1",
                                        "ip-addr": "10.0.4.200",
                                        "port": "8123",
                                        "weight": "1",
                                        "priority": "1",
                                        "mark": "0x20f",
                                        "est-connlimit": "0",
                                        "state": "up"
                                }
                        ],
                        "policies": []
                },
                {
                        "name": "NimbleJournalJboss1",
                        "family": "ipv4",
                        "virtual-addr": "10.0.4.235",
                        "virtual-ports": "8080",
                        "source-addr": "10.0.4.210",
                        "mode": "snat",
                        "protocol": "tcp",
                        "scheduler": "rr",
                        "sched-param": "none",
                        "persistence": "none",
                        "persist-ttl": "60",
                        "helper": "none",
                        "log": "none",
                        "log-rtlimit": "0/second",
                        "mark": "0x0",
                        "priority": "1",
                        "state": "up",
                        "limits-ttl": "120",
                        "new-rtlimit": "0/second",
                        "new-rtlimit-burst": "0",
                        "rst-rtlimit": "0/second",
                        "rst-rtlimit-burst": "0",
                        "est-connlimit": "0",
                        "tcp-strict": "off",
                        "queue": "-1",
                        "verdict": "log drop accept",
                        "addresses": [
                                {
                                        "name": "NimbleJournalJboss1-addr",
                                        "family": "ipv4",
                                        "ip-addr": "10.0.4.235",
                                        "ports": "8080",
                                        "protocol": "tcp",
                                        "used": "1"
                                }
                        ],
                        "backends": [
                                {
                                        "name": "bck0",
                                        "ip-addr": "10.0.0.166",
                                        "port": "8080",
                                        "weight": "1",
                                        "priority": "1",
                                        "mark": "0x200",
                                        "est-connlimit": "0",
                                        "state": "up"
                                },
                                {
                                        "name": "bck1",
                                        "ip-addr": "10.0.4.178",
                                        "port": "8080",
                                        "weight": "1",
                                        "priority": "1",
                                        "mark": "0x201",
                                        "est-connlimit": "0",
                                        "state": "up"
                                }
                        ],
                        "policies": []
                },
                {
                        "name": "NimbleJournalJboss2",
                        "family": "ipv4",
                        "virtual-addr": "10.0.4.238",
                        "virtual-ports": "8080",
                        "source-addr": "10.0.4.210",
                        "mode": "snat",
                        "protocol": "tcp",
                        "scheduler": "rr",
                        "sched-param": "none",
                        "persistence": "none",
                        "persist-ttl": "60",
                        "helper": "none",
                        "log": "none",
                        "log-rtlimit": "0/second",
                        "mark": "0x0",
                        "priority": "1",
                        "state": "up",
                        "limits-ttl": "120",
                        "new-rtlimit": "0/second",
                        "new-rtlimit-burst": "0",
                        "rst-rtlimit": "0/second",
                        "rst-rtlimit-burst": "0",
                        "est-connlimit": "0",
                        "tcp-strict": "off",
                        "queue": "-1",
                        "verdict": "log drop accept",
                        "addresses": [
                                {
                                        "name": "NimbleJournalJboss2-addr",
                                        "family": "ipv4",
                                        "ip-addr": "10.0.4.238",
                                        "ports": "8080",
                                        "protocol": "tcp",
                                        "used": "1"
                                }
                        ],
                        "backends": [
                                {
                                        "name": "bck0",
                                        "ip-addr": "10.0.0.35",
                                        "port": "8080",
                                        "weight": "1",
                                        "priority": "1",
                                        "mark": "0x205",
                                        "est-connlimit": "0",
                                        "state": "up"
                                },
                                {
                                        "name": "bck1",
                                        "ip-addr": "10.0.0.37",
                                        "port": "8080",
                                        "weight": "1",
                                        "priority": "1",
                                        "mark": "0x206",
                                        "est-connlimit": "0",
                                        "state": "up"
                                }
                        ],
                        "policies": []
                },
                {
                        "name": "TVMNimbleJboss1",
                        "family": "ipv4",
                        "virtual-addr": "10.0.7.11",
                        "virtual-ports": "8080",
                        "source-addr": "10.0.4.210",
                        "mode": "snat",
                        "protocol": "tcp",
                        "scheduler": "rr",
                        "sched-param": "none",
                        "persistence": "none",
                        "persist-ttl": "60",
                        "helper": "none",
                        "log": "none",
                        "log-rtlimit": "0/second",
                        "mark": "0x0",
                        "priority": "2",
                        "state": "up",
                        "limits-ttl": "120",
                        "new-rtlimit": "0/second",
                        "new-rtlimit-burst": "0",
                        "rst-rtlimit": "0/second",
                        "rst-rtlimit-burst": "0",
                        "est-connlimit": "0",
                        "tcp-strict": "off",
                        "queue": "-1",
                        "verdict": "log drop accept",
                        "addresses": [
                                {
                                        "name": "TVMNimbleJboss1-addr",
                                        "family": "ipv4",
                                        "ip-addr": "10.0.7.11",
                                        "ports": "8080",
                                        "protocol": "tcp",
                                        "used": "1"
                                }
                        ],
                        "backends": [
                                {
                                        "name": "bck0",
                                        "ip-addr": "10.0.7.114",
                                        "port": "8080",
                                        "weight": "1",
                                        "priority": "1",
                                        "mark": "0x212",
                                        "est-connlimit": "0",
                                        "state": "off"
                                },
                                {
                                        "name": "bck1",
                                        "ip-addr": "10.0.7.117",
                                        "port": "8080",
                                        "weight": "1",
                                        "priority": "1",
                                        "mark": "0x213",
                                        "est-connlimit": "0",
                                        "state": "up"
                                }
                        ],
                        "policies": []
                },
                {
                        "name": "TVMNimbleJboss2",
                        "family": "ipv4",
                        "virtual-addr": "10.0.7.12",
                        "virtual-ports": "8123",
                        "source-addr": "10.0.4.210",
                        "mode": "snat",
                        "protocol": "tcp",
                        "scheduler": "rr",
                        "sched-param": "none",
                        "persistence": "none",
                        "persist-ttl": "60",
                        "helper": "none",
                        "log": "none",
                        "log-rtlimit": "0/second",
                        "mark": "0x0",
                        "priority": "1",
                        "state": "up",
                        "limits-ttl": "120",
                        "new-rtlimit": "0/second",
                        "new-rtlimit-burst": "0",
                        "rst-rtlimit": "0/second",
                        "rst-rtlimit-burst": "0",
                        "est-connlimit": "0",
                        "tcp-strict": "off",
                        "queue": "-1",
                        "verdict": "log drop accept",
                        "addresses": [
                                {
                                        "name": "TVMNimbleJboss2-addr",
                                        "family": "ipv4",
                                        "ip-addr": "10.0.7.12",
                                        "ports": "8123",
                                        "protocol": "tcp",
                                        "used": "1"
                                }
                        ],
                        "backends": [
                                {
                                        "name": "bck0",
                                        "ip-addr": "10.0.7.106",
                                        "port": "8123",
                                        "weight": "1",
                                        "priority": "1",
                                        "mark": "0x214",
                                        "est-connlimit": "0",
                                        "state": "up"
                                },
                                {
                                        "name": "bck1",
                                        "ip-addr": "10.0.7.119",
                                        "port": "8123",
                                        "weight": "1",
                                        "priority": "1",
                                        "mark": "0x21b",
                                        "est-connlimit": "0",
                                        "state": "up"
                                }
                        ],
                        "policies": []
                },
                {
                        "name": "TVMNimbleJboss3",
                        "family": "ipv4",
                        "virtual-addr": "10.0.7.13",
                        "virtual-ports": "8080",
                        "source-addr": "10.0.4.210",
                        "mode": "snat",
                        "protocol": "tcp",
                        "scheduler": "rr",
                        "sched-param": "none",
                        "persistence": "none",
                        "persist-ttl": "60",
                        "helper": "none",
                        "log": "none",
                        "log-rtlimit": "0/second",
                        "mark": "0x0",
                        "priority": "1",
                        "state": "up",
                        "limits-ttl": "120",
                        "new-rtlimit": "0/second",
                        "new-rtlimit-burst": "0",
                        "rst-rtlimit": "0/second",
                        "rst-rtlimit-burst": "0",
                        "est-connlimit": "0",
                        "tcp-strict": "off",
                        "queue": "-1",
                        "verdict": "log drop accept",
                        "addresses": [
                                {
                                        "name": "TVMNimbleJboss3-addr",
                                        "family": "ipv4",
                                        "ip-addr": "10.0.7.13",
                                        "ports": "8080",
                                        "protocol": "tcp",
                                        "used": "1"
                                }
                        ],
                        "backends": [
                                {
                                        "name": "bck0",
                                        "ip-addr": "10.0.7.111",
                                        "port": "8080",
                                        "weight": "1",
                                        "priority": "1",
                                        "mark": "0x215",
                                        "est-connlimit": "0",
                                        "state": "up"
                                },
                                {
                                        "name": "bck1",
                                        "ip-addr": "10.0.7.120",
                                        "port": "8080",
                                        "weight": "1",
                                        "priority": "1",
                                        "mark": "0x21c",
                                        "est-connlimit": "0",
                                        "state": "up"
                                }
                        ],
                        "policies": []
                },
                {
                        "name": "TVMRMQAPP",
                        "family": "ipv4",
                        "virtual-addr": "10.0.7.15",
                        "virtual-ports": "5672",
                        "source-addr": "10.0.4.210",
                        "mode": "snat",
                        "protocol": "tcp",
                        "scheduler": "weight",
                        "sched-param": "none",
                        "persistence": "none",
                        "persist-ttl": "60",
                        "helper": "none",
                        "log": "none",
                        "log-rtlimit": "0/second",
                        "mark": "0x0",
                        "priority": "1",
                        "state": "up",
                        "limits-ttl": "120",
                        "new-rtlimit": "0/second",
                        "new-rtlimit-burst": "0",
                        "rst-rtlimit": "0/second",
                        "rst-rtlimit-burst": "0",
                        "est-connlimit": "0",
                        "tcp-strict": "off",
                        "queue": "-1",
                        "verdict": "log drop accept",
                        "addresses": [
                                {
                                        "name": "TVMRMQAPP-addr",
                                        "family": "ipv4",
                                        "ip-addr": "10.0.7.15",
                                        "ports": "5672",
                                        "protocol": "tcp",
                                        "used": "1"
                                }
                        ],
                        "backends": [
                                {
                                        "name": "bck0",
                                        "ip-addr": "10.0.7.144",
                                        "port": "5672",
                                        "weight": "1",
                                        "priority": "1",
                                        "mark": "0x21e",
                                        "est-connlimit": "0",
                                        "state": "up"
                                },
                                {
                                        "name": "bck1",
                                        "ip-addr": "10.0.7.145",
                                        "port": "5672",
                                        "weight": "1",
                                        "priority": "1",
                                        "mark": "0x21f",
                                        "est-connlimit": "0",
                                        "state": "up"
                                }
                        ],
                        "policies": []
                },
                {
                        "name": "TVMRMQWEB",
                        "family": "ipv4",
                        "virtual-addr": "10.0.7.15",
                        "virtual-ports": "15672",
                        "source-addr": "10.0.4.210",
                        "mode": "snat",
                        "protocol": "tcp",
                        "scheduler": "rr",
                        "sched-param": "none",
                        "persistence": "none",
                        "persist-ttl": "60",
                        "helper": "none",
                        "log": "none",
                        "log-rtlimit": "0/second",
                        "mark": "0x0",
                        "priority": "1",
                        "state": "up",
                        "limits-ttl": "120",
                        "new-rtlimit": "0/second",
                        "new-rtlimit-burst": "0",
                        "rst-rtlimit": "0/second",
                        "rst-rtlimit-burst": "0",
                        "est-connlimit": "0",
                        "tcp-strict": "off",
                        "queue": "-1",
                        "verdict": "log drop accept",
                        "addresses": [
                                {
                                        "name": "TVMRMQWEB-addr",
                                        "family": "ipv4",
                                        "ip-addr": "10.0.7.15",
                                        "ports": "15672",
                                        "protocol": "tcp",
                                        "used": "1"
                                }
                        ],
                        "backends": [
                                {
                                        "name": "bck0",
                                        "ip-addr": "10.0.7.144",
                                        "port": "15672",
                                        "weight": "1",
                                        "priority": "1",
                                        "mark": "0x220",
                                        "est-connlimit": "0",
                                        "state": "up"
                                },
                                {
                                        "name": "bck1",
                                        "ip-addr": "10.0.7.145",
                                        "port": "15672",
                                        "weight": "1",
                                        "priority": "1",
                                        "mark": "0x221",
                                        "est-connlimit": "0",
                                        "state": "up"
                                },
                                {
                                        "name": "bck2",
                                        "ip-addr": "10.0.7.146",
                                        "port": "15672",
                                        "weight": "1",
                                        "priority": "2",
                                        "mark": "0x222",
                                        "est-connlimit": "0",
                                        "state": "available"
                                }
                        ],
                        "policies": []
                },
                {
                        "name": "VSIRMQAPP",
                        "family": "ipv4",
                        "virtual-addr": "10.0.4.20",
                        "virtual-ports": "5672",
                        "source-addr": "10.0.4.210",
                        "mode": "snat",
                        "protocol": "tcp",
                        "scheduler": "weight",
                        "sched-param": "none",
                        "persistence": "none",
                        "persist-ttl": "60",
                        "helper": "none",
                        "log": "none",
                        "log-rtlimit": "0/second",
                        "mark": "0x0",
                        "priority": "1",
                        "state": "up",
                        "limits-ttl": "120",
                        "new-rtlimit": "0/second",
                        "new-rtlimit-burst": "0",
                        "rst-rtlimit": "0/second",
                        "rst-rtlimit-burst": "0",
                        "est-connlimit": "0",
                        "tcp-strict": "off",
                        "queue": "-1",
                        "verdict": "log drop accept",
                        "addresses": [
                                {
                                        "name": "VSIRMQAPP-addr",
                                        "family": "ipv4",
                                        "ip-addr": "10.0.4.20",
                                        "ports": "5672",
                                        "protocol": "tcp",
                                        "used": "1"
                                }
                        ],
                        "backends": [
                                {
                                        "name": "bck0",
                                        "ip-addr": "10.0.4.215",
                                        "port": "5672",
                                        "weight": "1",
                                        "priority": "1",
                                        "mark": "0x223",
                                        "est-connlimit": "0",
                                        "state": "up"
                                },
                                {
                                        "name": "bck1",
                                        "ip-addr": "10.0.4.216",
                                        "port": "5672",
                                        "weight": "1",
                                        "priority": "2",
                                        "mark": "0x224",
                                        "est-connlimit": "0",
                                        "state": "available"
                                }
                        ],
                        "policies": []
                },
                {
                        "name": "VSIRMQWEB",
                        "family": "ipv4",
                        "virtual-addr": "10.0.4.20",
                        "virtual-ports": "15672",
                        "source-addr": "10.0.4.210",
                        "mode": "snat",
                        "protocol": "tcp",
                        "scheduler": "rr",
                        "sched-param": "none",
                        "persistence": "none",
                        "persist-ttl": "60",
                        "helper": "none",
                        "log": "none",
                        "log-rtlimit": "0/second",
                        "mark": "0x0",
                        "priority": "1",
                        "state": "up",
                        "limits-ttl": "120",
                        "new-rtlimit": "0/second",
                        "new-rtlimit-burst": "0",
                        "rst-rtlimit": "0/second",
                        "rst-rtlimit-burst": "0",
                        "est-connlimit": "0",
                        "tcp-strict": "off",
                        "queue": "-1",
                        "verdict": "log drop accept",
                        "addresses": [
                                {
                                        "name": "VSIRMQWEB-addr",
                                        "family": "ipv4",
                                        "ip-addr": "10.0.4.20",
                                        "ports": "15672",
                                        "protocol": "tcp",
                                        "used": "1"
                                }
                        ],
                        "backends": [
                                {
                                        "name": "bck0",
                                        "ip-addr": "10.0.4.215",
                                        "port": "15672",
                                        "weight": "1",
                                        "priority": "1",
                                        "mark": "0x225",
                                        "est-connlimit": "0",
                                        "state": "up"
                                },
                                {
                                        "name": "bck1",
                                        "ip-addr": "10.0.4.216",
                                        "port": "15672",
                                        "weight": "1",
                                        "priority": "1",
                                        "mark": "0x226",
                                        "est-connlimit": "0",
                                        "state": "up"
                                },
                                {
                                        "name": "bck2",
                                        "ip-addr": "10.0.4.217",
                                        "port": "15672",
                                        "weight": "1",
                                        "priority": "2",
                                        "mark": "0x227",
                                        "est-connlimit": "0",
                                        "state": "available"
                                }
                        ],
                        "policies": []
                }
        ]
}